=====================================================
   Cortex Analysis Tools 1.0: tests/test-suite.log
=====================================================

# TOTAL: 2
# PASS:  2
# SKIP:  0
# XFAIL: 0
# FAIL:  0
# XPASS: 0
# ERROR: 0

.. contents:: :depth: 2

